2026-09-26T17:54:01Z	suggest	$0.0132	brown noise generator
2026-09-26T17:54:02Z	suggest	$0.0480	brown noise
2026-09-26T17:54:03Z	suggest	$0.0480	noise generator
2026-09-26T17:54:21Z	volume	$0.0900	1000 ключей, 4 года
2026-09-26T17:54:23Z	kd	$0.0530	342 ключей
2026-09-26T17:54:44Z	volume	$0.0900	792 ключей, 4 года, пачка 2
2026-09-26T17:54:58Z	kd	$0.0755	529 ключей
2026-09-26T18:58:50Z	lokal-de	$0.0900	16 ключей, 4 года
2026-09-26T18:58:53Z	lokal-fr	$0.0900	16 ключей, 4 года
2026-09-26T18:58:59Z	lokal-es	$0.0900	16 ключей, 4 года
2026-09-26T18:59:03Z	lokal-it	$0.0900	15 ключей, 4 года
2026-09-26T18:59:08Z	lokal-nl	$0.0900	14 ключей, 4 года
2026-09-26T18:59:11Z	lokal-sv	$0.0900	13 ключей, 4 года
2026-09-26T18:59:15Z	lokal-da	$0.0900	13 ключей, 4 года
2026-09-26T18:59:19Z	lokal-no	$0.0900	13 ключей, 4 года
2026-09-26T18:59:23Z	lokal-fi	$0.0900	12 ключей, 4 года
2026-09-26T18:59:28Z	lokal-ar	$0.0900	16 ключей, 4 года
2026-09-26T18:59:32Z	lokal-id	$0.0900	14 ключей, 4 года
2026-09-26T18:59:32Z	lokal-ru	$0.0000	ошибка: task: 40501 Invalid Field: 'location_code'.
2026-09-26T18:59:36Z	lokal-pt	$0.0900	17 ключей, 4 года
2026-09-26T18:59:39Z	lokal-ja	$0.0900	14 ключей, 4 года
2026-09-26T19:00:56Z	lokal-ru-kz	$0.0900	15 ключей, Казахстан, русский (Россия в Google Ads недоступна)
